Script started on 2020-08-27 17:37:03+0000
dahlemm@gaben1:~$ mysql -p -u dahlemm
Enter password:
Welcome to the MySQL monitor.  Commands end with ; or \g.
Your MySQL connection id is 17
Server version: 5.6.45 Source distribution

Copyright (c) 2000, 2019, Oracle and/or its affiliates. All rights reserved.

Oracle is a registered trademark of Oracle Corporation and/or its
affiliates. Other names may be trademarks of their respective
owners.

Type 'help;' or '\h' for help. Type '\c' to clear the current input statement.

mysql> CREATER^H^[[K DATABASE test;
ERROR 1007 (HY000): Can't create database 'test'; database exists
^Gmysql> CREATE DATABASE test;^H^H;^[[K^H^H;^[[K^H^H;^[[K^H^H;^[[K^Hd;^Ha;^Hh;^Hl;^He;^Hm;^Hm;^H
Query OK, 1 row affected (0.01 sec)

mysql> \h

For information about MySQL products and services, visit:
   http://www.mysql.com/
For developer information, including the MySQL Reference Manual, visit:
   http://dev.mysql.com/
To buy MySQL Enterprise support, training, or other products, visit:
   https://shop.mysql.com/

List of all MySQL commands:
Note that all text commands must be first on line and end with ';'
?         (\?) Synonym for `help'.
clear     (\c) Clear the current input statement.
connect   (\r) Reconnect to the server. Optional arguments are db and host.
delimiter (\d) Set statement delimiter.
edit      (\e) Edit command with $EDITOR.
ego       (\G) Send command to mysql server, display result vertically.
exit      (\q) Exit mysql. Same as quit.
go        (\g) Send command to mysql server.
help      (\h) Display this help.
nopager   (\n) Disable pager, print to stdout.
notee     (\t) Don't write into outfile.
pager     (\P) Set PAGER [to_pager]. Print the query results via PAGER.
print     (\p) Print current command.
prompt    (\R) Change your mysql prompt.
quit      (\q) Quit mysql.
rehash    (\#) Rebuild completion hash.
source    (\.) Execute an SQL script file. Takes a file name as an argument.
status    (\s) Get status information from the server.
system    (\!) Execute a system shell command.
tee       (\T) Set outfile [to_outfile]. Append everything into given outfile.
use       (\u) Use another database. Takes database name as argument.
charset   (\C) Switch to another charset. Might be needed for processing binlog with multi-byte charsets.
warnings  (\W) Show warnings after every statement.
nowarning (\w) Don't show warnings after every statement.

For server side help, type 'help contents'

mysql> \u test
Reading table information for completion of table and column names
You can turn off this feature to get a quicker startup with -A

Database changed
mysql> DROP TABLE IF EXISTS `department`;
Query OK, 0 rows affected (0.00 sec)

mysql> CREATE TABLE `department`(
    -> `dname` varchar(25) NOT NULL,
    -> 'dnum^H^[[K^H^[[K^H^[[K^H^[[K^H^[[K`du^H^[[Knum` int(4) NOT NULL DEFAULT '0',
    -> PRIMARY KEY (`dnumber`),
    -> KEY `dname` (`dname`)
    -> ) ^H ENGINE = MyISL^H^[[KAM DEFAULT CHARSET=utf8,^H^[[K;
ERROR 1072 (42000): Key column 'dnumber' doesn't exist in table
^Gmysql> CREATE TABLE `department`( `dname` varchar(25) NOT NULL, `dnum` int(4) NOT NULL DEFAULT '0', PRIMA ^MRY KEY (`dnumber`), KEY `dname` (`dname`) ) ENGINE = MyISAM DEFAULT CHARSET=utf8;^H^H^H^H^H^H^H^H^H$
Query OK, 0 rows affected (0.02 sec)

mysql> LOCK TABLES `department` WRITE
    -> INSERT INTO `department` v^H^[[KVAULES ('Research',^H^[[K),5,'33344^H^[[K^H^[[K^H^[[K^H^[[K^H^[[K^H^[[K^H^[[K^H^H^H,5^[[K^H^H,5),('Admin',4),('HQ',1);
ERROR 1064 (42000): You have an error in your SQL syntax; check the manual that corresponds to your MySQL server version for the right syntax to use near 'INSERT INTO `department` VAULES ('Research',5),('Admin$
^Gmysql> mysql> LOCK TABLES `department` WRITE INSERT INTO `department` VAULES ('Research',5),('Admin',4),('HQ',1);^H^H^H^H^H^H^H^H^H^H^H^H^H^H^Hn',4),('HQ^H^H^H^H^H^H^H^H^H^H^H^H^H^H^H^H('Admin',4),('HQ^H^H^H$
ERROR 1064 (42000): You have an error in your SQL syntax; check the manual that corresponds to your MySQL server version for the right syntax to use near '' at line 1
ERROR 1064 (42000): You have an error in your SQL syntax; check the manual that corresponds to your MySQL server version for the right syntax to use near 'WRITE INSERT INTO `department` VAULES ('Research',5),($
^G^Gmysql> LOCK TABLES `department`; WRITE INSERT INTO `department` VAULES ('Research',5),('Admin',4),('HQ',1);^H^H^H^H^H^H^H^H^[[99G^H^H^H^H^H^H^H^H^H^H^H^H^H^H^H^H^H^H^H^H^H^H^H^H^H^H^H^H^H^H^H^H^H^H^H^H^H^H$
ERROR 1044 (42000): Access denied for user 'dahlemm'@'localhost' to database 'test'
^Gmysql> LOCK TABLES `department` WRITE;^[[32G^[[1@;^[[39G INSERT INTO `department` VAULES ('Research',5),('Admin',4),('HQ',1);^H^H^H^H^H^H^H^H^H^H^H^H^H^H^H^H^H^H^H^H^H^H^H^H^H^H^H^H^H^H^H^H^H^H^H^H^H^H^H^H^H$
ERROR 1064 (42000): You have an error in your SQL syntax; check the manual that corresponds to your MySQL server version for the right syntax to use near 'VAULES ('Research',5),('Admin',4),('HQ',1)' at line 1
^Gmysql> INSERT INTO `department` VAULES ('Research',5),('Admin',4),('HQ',1);^H^H^H^H^H^H^H^H^H^H^H^H^H^H^H^H^H^H^H^H^H^H^H^H^H,5),('Admin',4),('H^[[8GLOCK TABLES `department` WRITE;^[[K^[[8GINSERT INTO `depar$
    -> DROP TABLE IF EXISTS `department`;
ERROR 1064 (42000): You have an error in your SQL syntax; check the manual that corresponds to your MySQL server version for the right syntax to use near '/u dahlemm
DROP TABLE IF EXISTS `department`' at line 1
^Gmysql> /u dahlemm DROP TABLE IF EXISTS `department`;^H^[[K^H^[[K^H^[[K^H^[[K^H^[[K^H^[[K^H^[[K^H^[[K^H^[[K^H^[[K^H^[[K^H^[[K^H^[[K^H^H^[[K^H^[[K^H^[[K^H^[[K^H^[[K^H^[[K^H^H^[[K^H^[[K^H^H^[[K^H^[[K^H^[[K^H^[[$
ERROR 1064 (42000): You have an error in your SQL syntax; check the manual that corresponds to your MySQL server version for the right syntax to use near '/u dahlemm' at line 1
^Gmysql> /u dahlemm;^H^[[K
    -> ^Gexit
    -> ;
ERROR 1064 (42000): You have an error in your SQL syntax; check the manual that corresponds to your MySQL server version for the right syntax to use near '/u dahlemm
exit' at line 1
^Gmysql> exit^H^[[K^H^[[K^H^[[K^H^[[K^G\u dahlemm
Database changed
mysql> DROP TABLE IF EXISTS `department`;
Query OK, 0 rows affected, 1 warning (0.00 sec)

mysql> CREATE TABLE `department` (
    ->   `dname` varchar(25) NOT NULL,
    ->   `dnumber` int(4) NOT NULL DEFAULT '0',
    ->   `mgrssn` char(9) NOT NULL,
    ->   `mgrstartdate` date DEFAULT NULL,
    ->   PRIMARY KEY (`dnumber`),
    ->   KEY `dname` (`dname`)
    -> ) ENGINE=MyISAM DEFAULT CHARSET=utf8;^[[8G  KEY `dname` (`dname`)^[[K^[[8G) ENGINE=MyISAM DEFAULT CHARSET=utf8;
Query OK, 0 rows affected (0.01 sec)

mysql> LOCK TABLES `department` WRITE;
ERROR 1044 (42000): Access denied for user 'dahlemm'@'localhost' to database 'dahlemm'
^Gmysql> INSERT INTO `department` VALUES ('Research',5,'333445555','1978-05-22'),('Administration',4,'987654321','1985-01-01'),('Headquarters',1,'888665555','1971-06-19'),('Soft ^Hware',6,'111111100','1999-05-$
Query OK, 6 rows affected (0.00 sec)
Records: 6  Duplicates: 0  Warnings: 0
mysql> show tables;
+-------------------+
| Tables_in_dahlemm |
+-------------------+
| department        |
+-------------------+
1 row in set (0.00 sec)

mysql> SHOW COLUMNS FROM `department`;
+--------------+-------------+------+-----+---------+-------+
| Field        | Type        | Null | Key | Default | Extra |
+--------------+-------------+------+-----+---------+-------+
| dname        | varchar(25) | NO   | MUL | NULL    |       |
| dnumber      | int(4)      | NO   | PRI | 0       |       |
| mgrssn       | char(9)     | NO   |     | NULL    |       |
| mgrstartdate | date        | YES  |     | NULL    |       |
+--------------+-------------+------+-----+---------+-------+
4 rows in set (0.00 sec)

mysql> SHOW COLUMNS FROM `department`;^H^H^H^H^H^H^H^H^H^H^H^H^H^H^H^H^H^H^H^H^[[P ^H^H^[[P ^H^H^[[P ^H^H^[[P ^H^H^[[P ^H^H^[[P ^H^H^[[P ^H^[[1@R ^H^[[1@O ^H^[[1@W ^H^[[1@S ^H
ERROR 1064 (42000): You have an error in your SQL syntax; check the manual that corresponds to your MySQL server version for the right syntax to use near 'ROWS FROM `department`' at line 1
^Gmysql> SHOW ROWS FROM `department`;^H^H^H^H^H^H^Htment`;^G^G^G^G^G^H;^G^H^[[K^H^[[K^H^[[K^H^[[K^H^[[K^H^[[K^H^[[K^H^[[K^H^[[K^H^[[K^H^[[K^H^[[K^H^[[K^H^H^[[K^H^[[K^H^[[K^H^[[K^H^H^[[K^H^[[K^H^[[K^H^[[K^H^H^[$
+----------------+---------+-----------+--------------+
| dname          | dnumber | mgrssn    | mgrstartdate |
+----------------+---------+-----------+--------------+
| Research       |       5 | 333445555 | 1978-05-22   |
| Administration |       4 | 987654321 | 1985-01-01   |
| Headquarters   |       1 | 888665555 | 1971-06-19   |
| Software       |       6 | 111111100 | 1999-05-15   |
| Hardware       |       7 | 444444400 | 1998-05-15   |
| Sales          |       8 | 555555500 | 1997-01-01   |
+----------------+---------+-----------+--------------+
6 rows in set (0.00 sec)

mysql> \q
Bye
dahlemm@gaben1:~$ exit
exit

Script done on 2020-08-27 17:48:01+0000
